// Jest Snapshot v1, https://goo.gl/fbAQLP

exports[`should render expense dashboard page item correctly 1`] = `ShallowWrapper {}`;
