// Jest Snapshot v1, https://goo.gl/fbAQLP

exports[`should render expense list with empty message 1`] = `ShallowWrapper {}`;

exports[`should render expense list with expenses 1`] = `ShallowWrapper {}`;
