// Jest Snapshot v1, https://goo.gl/fbAQLP

exports[`should render ExpenseForm correctly 1`] = `ShallowWrapper {}`;

exports[`should render ExpenseForm correctly with expense data 1`] = `ShallowWrapper {}`;
